{"name": "sent-message body recognition: folded", "status": "PASS", "ms": 2436}
{"name": "sent-message body recognition: visible_controls", "status": "PASS", "ms": 2261}
{"name": "sent-message body recognition: plain", "status": "PASS", "ms": 2262}
{"name": "sent-message body recognition: split_role", "status": "PASS", "ms": 2265}
{"name": "sent-message body recognition: hydrating", "status": "PASS", "ms": 2362}
{"name": "sent-message body recognition: remount", "status": "PASS", "ms": 2368}
{"name": "sent-message body recognition: article", "status": "PASS", "ms": 2265}
{"name": "sent-message body recognition: wrapped_controls", "status": "PASS", "ms": 2367}
{"name": "sent-message body recognition: label_only", "status": "PASS", "ms": 2360}
{"name": "19,495-character folded report acknowledged after one Send", "status": "PASS", "ms": 2369}
{"name": "hidden body is not scraped or accepted merely because it exists", "status": "PASS", "ms": 152}
{"name": "no false receipt: foreign", "status": "PASS", "ms": 140}
{"name": "no false receipt: prefix", "status": "PASS", "ms": 153}
{"name": "no false receipt: wrong_price", "status": "PASS", "ms": 155}
{"name": "no false receipt: missing_tail", "status": "PASS", "ms": 151}
{"name": "no false receipt: duplicate", "status": "PASS", "ms": 164}
{"name": "hidden labels and controls excluded from message text", "status": "PASS", "ms": 156}
{"name": "expand control pointing outside pending user message never clicked", "status": "PASS", "ms": 455}
{"name": "failed durable intent prevents actual Send click", "status": "PASS", "ms": 2155}
{"name": "acknowledgement wait fenced after STOP", "status": "PASS", "ms": 2253}
{"name": "acknowledgement wait fenced after different_chat", "status": "PASS", "ms": 2254}
{"name": "receipt migration/recovery: legacy", "status": "PASS", "ms": 248}
{"name": "receipt migration/recovery: receipt_with_evicted_predecessor", "status": "PASS", "ms": 256}
{"name": "receipt migration/recovery: unknown_predecessor", "status": "PASS", "ms": 158}
{"name": "newer unrelated turn cannot steal matching report anchor", "status": "PASS", "ms": 143}
