TAP version 13
# Subtest: live IP firewall helper text mentioning future CAPTCHA is not a CAPTCHA challenge
ok 1 - live IP firewall helper text mentioning future CAPTCHA is not a CAPTCHA challenge
  ---
  duration_ms: 1.570038
  type: 'test'
  ...
# Subtest: plain concrete CAPTCHA remains manual
ok 2 - plain concrete CAPTCHA remains manual
  ---
  duration_ms: 0.476742
  type: 'test'
  ...
# Subtest: concrete CAPTCHA challenge still wins on an IP-block-related surface
ok 3 - concrete CAPTCHA challenge still wins on an IP-block-related surface
  ---
  duration_ms: 0.26158
  type: 'test'
  ...
1..3
# tests 3
# suites 0
# pass 3
# fail 0
# cancelled 0
# skipped 0
# todo 0
# duration_ms 11.796972
