{"name": "sent-message body recognition: folded", "status": "PASS", "ms": 2337}
{"name": "sent-message body recognition: visible_controls", "status": "PASS", "ms": 2214}
{"name": "sent-message body recognition: plain", "status": "PASS", "ms": 2213}
{"name": "sent-message body recognition: split_role", "status": "PASS", "ms": 2213}
{"name": "sent-message body recognition: hydrating", "status": "PASS", "ms": 2414}
{"name": "sent-message body recognition: remount", "status": "PASS", "ms": 2318}
{"name": "sent-message body recognition: article", "status": "PASS", "ms": 2216}
{"name": "sent-message body recognition: wrapped_controls", "status": "PASS", "ms": 2310}
{"name": "sent-message body recognition: label_only", "status": "PASS", "ms": 2311}
{"name": "19,495-character folded report acknowledged after one Send", "status": "PASS", "ms": 2317}
{"name": "hidden body is not scraped or accepted merely because it exists", "status": "PASS", "ms": 107}
{"name": "no false receipt: foreign", "status": "PASS", "ms": 97}
{"name": "no false receipt: prefix", "status": "PASS", "ms": 99}
{"name": "no false receipt: wrong_price", "status": "PASS", "ms": 107}
{"name": "no false receipt: missing_tail", "status": "PASS", "ms": 99}
{"name": "no false receipt: duplicate", "status": "PASS", "ms": 95}
{"name": "hidden labels and controls excluded from message text", "status": "PASS", "ms": 97}
{"name": "expand control pointing outside pending user message never clicked", "status": "PASS", "ms": 540}
{"name": "failed durable intent prevents actual Send click", "status": "PASS", "ms": 2110}
{"name": "acknowledgement wait fenced after STOP", "status": "PASS", "ms": 2208}
{"name": "acknowledgement wait fenced after different_chat", "status": "PASS", "ms": 2218}
{"name": "receipt migration/recovery: legacy", "status": "PASS", "ms": 226}
{"name": "receipt migration/recovery: receipt_with_evicted_predecessor", "status": "PASS", "ms": 205}
{"name": "receipt migration/recovery: unknown_predecessor", "status": "PASS", "ms": 104}
{"name": "newer unrelated turn cannot steal matching report anchor", "status": "PASS", "ms": 95}
