TAP version 13
# Subtest: live IP firewall helper text mentioning future CAPTCHA is not a CAPTCHA challenge
not ok 1 - live IP firewall helper text mentioning future CAPTCHA is not a CAPTCHA challenge
  ---
  duration_ms: 2.358192
  type: 'test'
  location: '/home/runner/work/AVITO/AVITO/подбор авито расширение/v141_prepatch_tests/ip_block_firewall_classifier_v141.test.js:45:1'
  failureType: 'testCodeFailure'
  error: |-
    RED: a textual reference to a future CAPTCHA on the IP firewall landing page is not an actual CAPTCHA challenge
    
    true !== false
    
  code: 'ERR_ASSERTION'
  name: 'AssertionError'
  expected: false
  actual: true
  operator: 'strictEqual'
  stack: |-
    TestContext.<anonymous> (/home/runner/work/AVITO/AVITO/подбор авито расширение/v141_prepatch_tests/ip_block_firewall_classifier_v141.test.js:51:10)
    Test.runInAsyncScope (node:async_hooks:214:14)
    Test.run (node:internal/test_runner/test:1047:25)
    Test.start (node:internal/test_runner/test:944:17)
    startSubtestAfterBootstrap (node:internal/test_runner/harness:296:17)
  ...
# Subtest: plain concrete CAPTCHA remains manual
ok 2 - plain concrete CAPTCHA remains manual
  ---
  duration_ms: 0.276475
  type: 'test'
  ...
# Subtest: concrete CAPTCHA challenge still wins on an IP-block-related surface
ok 3 - concrete CAPTCHA challenge still wins on an IP-block-related surface
  ---
  duration_ms: 0.697758
  type: 'test'
  ...
1..3
# tests 3
# suites 0
# pass 2
# fail 1
# cancelled 0
# skipped 0
# todo 0
# duration_ms 8.23411
