{"name": "resume_REPORT_DELIVERY_BLOCKED", "status": "PASS", "seconds": 0.177}
{"name": "resume_REPORT_DELIVERY_UNCERTAIN", "status": "PASS", "seconds": 0.13}
{"name": "resume_REPORT_READY_IN_COMPOSER", "status": "PASS", "seconds": 0.127}
{"name": "resume_PAUSED_USER_COMPOSER_OCCUPIED", "status": "PASS", "seconds": 0.125}
{"name": "resume_disabled_IDLE", "status": "PASS", "seconds": 0.091}
{"name": "resume_disabled_CANCELLED_BY_USER", "status": "PASS", "seconds": 0.09}
{"name": "resume_disabled_AVITO_TAB_ACTIVE", "status": "PASS", "seconds": 0.099}
{"name": "resume_disabled_REPORT_DELIVERY_IN_PROGRESS", "status": "PASS", "seconds": 0.094}
{"name": "manual_captcha_resume_button", "status": "PASS", "seconds": 0.093}
{"name": "timeout_no_retry_buttons_reenabled_error_survives_refresh", "status": "PASS", "seconds": 1.596}
{"name": "stop_one_rpc", "status": "PASS", "seconds": 0.1}
{"name": "status_refresh_single_flight", "status": "PASS", "seconds": 0.3}
{"name": "copy_report_and_prompt", "status": "PASS", "seconds": 0.137}
{"name": "credentials_hidden_and_explicit_toggle", "status": "PASS", "seconds": 0.166}
{"name": "popup_routes_AF_PROXY_MARKET_SYNC", "status": "PASS", "seconds": 0.134}
{"name": "popup_routes_AF_PROXY_APPLY", "status": "PASS", "seconds": 0.131}
{"name": "popup_routes_AF_PROXY_KEY_CHECK", "status": "PASS", "seconds": 0.128}
{"name": "popup_routes_AF_PROXY_ENDPOINT_CREATE", "status": "PASS", "seconds": 0.13}
{"name": "popup_routes_AF_PROXY_CREATE_ACKNOWLEDGE", "status": "PASS", "seconds": 0.122}
{"name": "popup_routes_AF_PROXY_PROFILE_RESTORE", "status": "PASS", "seconds": 0.129}
{"name": "popup_routes_AF_PROXY_PROFILE_DELETE", "status": "PASS", "seconds": 0.13}
{"name": "popup_routes_AF_PROXY_TRAFFIC_REFRESH", "status": "PASS", "seconds": 0.134}
{"name": "popup_routes_AF_PROXY_DIAGNOSTIC", "status": "PASS", "seconds": 0.127}
{"name": "off_means_release_not_forced_direct", "status": "PASS", "seconds": 0.094}
{"name": "active_profile_off_routes_release", "status": "PASS", "seconds": 0.159}
{"name": "data_saver_change_routes_boolean", "status": "PASS", "seconds": 0.126}
{"name": "profile_change_reads_selected_not_active", "status": "PASS", "seconds": 0.131}
{"name": "chat_reload_exact_recovery_rpc_and_initial_anchor", "status": "PASS", "seconds": 0.124}
{"name": "online_does_not_destroy_active_poll_or_call_legacy_server", "status": "PASS", "seconds": 0.168}
{"name": "spa_other_chat_pauses_return_recovers_same_anchor", "status": "PASS", "seconds": 0.253}
{"name": "same_route_mutations_do_not_poll_worker", "status": "PASS", "seconds": 0.165}
