{"name": "sent-message body recognition: folded", "status": "PASS", "ms": 2402}
{"name": "sent-message body recognition: visible_controls", "status": "PASS", "ms": 2263}
{"name": "sent-message body recognition: plain", "status": "PASS", "ms": 2249}
{"name": "sent-message body recognition: split_role", "status": "PASS", "ms": 2251}
{"name": "sent-message body recognition: hydrating", "status": "PASS", "ms": 2361}
{"name": "sent-message body recognition: remount", "status": "PASS", "ms": 2360}
{"name": "sent-message body recognition: article", "status": "PASS", "ms": 2259}
{"name": "sent-message body recognition: wrapped_controls", "status": "PASS", "ms": 2355}
{"name": "sent-message body recognition: label_only", "status": "PASS", "ms": 2354}
{"name": "19,495-character folded report acknowledged after one Send", "status": "PASS", "ms": 2365}
{"name": "hidden body is not scraped or accepted merely because it exists", "status": "PASS", "ms": 145}
{"name": "no false receipt: foreign", "status": "PASS", "ms": 147}
{"name": "no false receipt: prefix", "status": "PASS", "ms": 150}
{"name": "no false receipt: wrong_price", "status": "PASS", "ms": 153}
{"name": "no false receipt: missing_tail", "status": "PASS", "ms": 141}
{"name": "no false receipt: duplicate", "status": "PASS", "ms": 148}
{"name": "hidden labels and controls excluded from message text", "status": "PASS", "ms": 145}
{"name": "expand control pointing outside pending user message never clicked", "status": "PASS", "ms": 449}
{"name": "failed durable intent prevents actual Send click", "status": "PASS", "ms": 2147}
{"name": "acknowledgement wait fenced after STOP", "status": "PASS", "ms": 2252}
{"name": "acknowledgement wait fenced after different_chat", "status": "PASS", "ms": 2254}
{"name": "receipt migration/recovery: legacy", "status": "PASS", "ms": 247}
{"name": "receipt migration/recovery: receipt_with_evicted_predecessor", "status": "PASS", "ms": 252}
{"name": "receipt migration/recovery: unknown_predecessor", "status": "PASS", "ms": 147}
{"name": "newer unrelated turn cannot steal matching report anchor", "status": "PASS", "ms": 144}
